q:torch.Size([2, 1024, 128]), k:torch.Size([2, 1024, 128]), v:torch.Size([2, 1024, 128]), tokens_per_gpu: 1024
start_m : 0, off_h : 0
off_h : 0, n_ctx : 1024, hidden_dim : 128
offset_y : 0
qo_offset_y : 0
offs_m : tensor([ 0,  1,  2,  3,  4,  5,  6,  7,  8,  9, 10, 11, 12, 13, 14, 15, 16, 17,
        18, 19, 20, 21, 22, 23, 24, 25, 26, 27, 28, 29, 30, 31, 32, 33, 34, 35,
        36, 37, 38, 39, 40, 41, 42, 43, 44, 45, 46, 47, 48, 49, 50, 51, 52, 53,
        54, 55, 56, 57, 58, 59, 60, 61, 62, 63])
offs_n : tensor([ 0,  1,  2,  3,  4,  5,  6,  7,  8,  9, 10, 11, 12, 13, 14, 15, 16, 17,
        18, 19, 20, 21, 22, 23, 24, 25, 26, 27, 28, 29, 30, 31])
q load : [0, 0]
Stage : 1
Stage : 2
start_n : 0 : offset of k [0,0]
mask is used tensor([[ True, False, False,  ..., False, False, False],
        [ True,  True, False,  ..., False, False, False],
        [ True,  True,  True,  ..., False, False, False],
        ...,
        [ True,  True,  True,  ...,  True,  True,  True],
        [ True,  True,  True,  ...,  True,  True,  True],
        [ True,  True,  True,  ...,  True,  True,  True]])
Offset of v [0, 0]
start_n : 32 : offset of k [32,0]
mask is used tensor([[False, False, False,  ..., False, False, False],
        [False, False, False,  ..., False, False, False],
        [False, False, False,  ..., False, False, False],
        ...,
        [ True,  True,  True,  ...,  True, False, False],
        [ True,  True,  True,  ...,  True,  True, False],
        [ True,  True,  True,  ...,  True,  True,  True]])
Offset of v [0, 32]
start_m : 0, off_h : 1
off_h : 1, n_ctx : 1024, hidden_dim : 128
offset_y : 131072
qo_offset_y : 131072
offs_m : tensor([ 0,  1,  2,  3,  4,  5,  6,  7,  8,  9, 10, 11, 12, 13, 14, 15, 16, 17,
        18, 19, 20, 21, 22, 23, 24, 25, 26, 27, 28, 29, 30, 31, 32, 33, 34, 35,
        36, 37, 38, 39, 40, 41, 42, 43, 44, 45, 46, 47, 48, 49, 50, 51, 52, 53,
        54, 55, 56, 57, 58, 59, 60, 61, 62, 63])
offs_n : tensor([ 0,  1,  2,  3,  4,  5,  6,  7,  8,  9, 10, 11, 12, 13, 14, 15, 16, 17,
        18, 19, 20, 21, 22, 23, 24, 25, 26, 27, 28, 29, 30, 31])
q load : [131072, 0]
Stage : 1
Stage : 2
start_n : 0 : offset of k [131072,0]
mask is used tensor([[ True, False, False,  ..., False, False, False],
        [ True,  True, False,  ..., False, False, False],
        [ True,  True,  True,  ..., False, False, False],
        ...,
        [ True,  True,  True,  ...,  True,  True,  True],
        [ True,  True,  True,  ...,  True,  True,  True],
        [ True,  True,  True,  ...,  True,  True,  True]])
Offset of v [0, 131072]
start_n : 32 : offset of k [131104,0]
mask is used tensor([[False, False, False,  ..., False, False, False],
        [False, False, False,  ..., False, False, False],
        [False, False, False,  ..., False, False, False],
        ...,
        [ True,  True,  True,  ...,  True, False, False],
        [ True,  True,  True,  ...,  True,  True, False],
        [ True,  True,  True,  ...,  True,  True,  True]])
Offset of v [0, 131104]
start_m : 1, off_h : 0
off_h : 0, n_ctx : 1024, hidden_dim : 128
offset_y : 0
qo_offset_y : 64
offs_m : tensor([ 64,  65,  66,  67,  68,  69,  70,  71,  72,  73,  74,  75,  76,  77,
         78,  79,  80,  81,  82,  83,  84,  85,  86,  87,  88,  89,  90,  91,
         92,  93,  94,  95,  96,  97,  98,  99, 100, 101, 102, 103, 104, 105,
        106, 107, 108, 109, 110, 111, 112, 113, 114, 115, 116, 117, 118, 119,
        120, 121, 122, 123, 124, 125, 126, 127])
offs_n : tensor([ 0,  1,  2,  3,  4,  5,  6,  7,  8,  9, 10, 11, 12, 13, 14, 15, 16, 17,
        18, 19, 20, 21, 22, 23, 24, 25, 26, 27, 28, 29, 30, 31])
q load : [64, 0]
Stage : 1
start_n : 0 : offset of k [0,0]
no mask used
Offset of v [0, 0]
start_n : 32 : offset of k [32,0]
no mask used
Offset of v [0, 32]
Stage : 2
start_n : 64 : offset of k [64,0]
mask is used tensor([[ True, False, False,  ..., False, False, False],
        [ True,  True, False,  ..., False, False, False],
        [ True,  True,  True,  ..., False, False, False],
        ...,
        [ True,  True,  True,  ...,  True,  True,  True],
        [ True,  True,  True,  ...,  True,  True,  True],
        [ True,  True,  True,  ...,  True,  True,  True]])
Offset of v [0, 64]
start_n : 96 : offset of k [96,0]
mask is used tensor([[False, False, False,  ..., False, False, False],
        [False, False, False,  ..., False, False, False],
        [False, False, False,  ..., False, False, False],
        ...,
        [ True,  True,  True,  ...,  True, False, False],
        [ True,  True,  True,  ...,  True,  True, False],
        [ True,  True,  True,  ...,  True,  True,  True]])
Offset of v [0, 96]
start_m : 1, off_h : 1
off_h : 1, n_ctx : 1024, hidden_dim : 128
offset_y : 131072
qo_offset_y : 131136
offs_m : tensor([ 64,  65,  66,  67,  68,  69,  70,  71,  72,  73,  74,  75,  76,  77,
         78,  79,  80,  81,  82,  83,  84,  85,  86,  87,  88,  89,  90,  91,
         92,  93,  94,  95,  96,  97,  98,  99, 100, 101, 102, 103, 104, 105,
        106, 107, 108, 109, 110, 111, 112, 113, 114, 115, 116, 117, 118, 119,
        120, 121, 122, 123, 124, 125, 126, 127])
offs_n : tensor([ 0,  1,  2,  3,  4,  5,  6,  7,  8,  9, 10, 11, 12, 13, 14, 15, 16, 17,
        18, 19, 20, 21, 22, 23, 24, 25, 26, 27, 28, 29, 30, 31])
q load : [131136, 0]
Stage : 1
start_n : 0 : offset of k [131072,0]
no mask used
Offset of v [0, 131072]
start_n : 32 : offset of k [131104,0]
no mask used
Offset of v [0, 131104]
Stage : 2
start_n : 64 : offset of k [131136,0]
mask is used tensor([[ True, False, False,  ..., False, False, False],
        [ True,  True, False,  ..., False, False, False],
        [ True,  True,  True,  ..., False, False, False],
        ...,
        [ True,  True,  True,  ...,  True,  True,  True],
        [ True,  True,  True,  ...,  True,  True,  True],
        [ True,  True,  True,  ...,  True,  True,  True]])
Offset of v [0, 131136]
start_n : 96 : offset of k [131168,0]
mask is used tensor([[False, False, False,  ..., False, False, False],
        [False, False, False,  ..., False, False, False],
        [False, False, False,  ..., False, False, False],
        ...,
        [ True,  True,  True,  ...,  True, False, False],
        [ True,  True,  True,  ...,  True,  True, False],
        [ True,  True,  True,  ...,  True,  True,  True]])
Offset of v [0, 131168]
start_m : 2, off_h : 0
off_h : 0, n_ctx : 1024, hidden_dim : 128
offset_y : 0
qo_offset_y : 128
offs_m : tensor([128, 129, 130, 131, 132, 133, 134, 135, 136, 137, 138, 139, 140, 141,
        142, 143, 144, 145, 146, 147, 148, 149, 150, 151, 152, 153, 154, 155,
        156, 157, 158, 159, 160, 161, 162, 163, 164, 165, 166, 167, 168, 169,
        170, 171, 172, 173, 174, 175, 176, 177, 178, 179, 180, 181, 182, 183,
        184, 185, 186, 187, 188, 189, 190, 191])
offs_n : tensor([ 0,  1,  2,  3,  4,  5,  6,  7,  8,  9, 10, 11, 12, 13, 14, 15, 16, 17,
        18, 19, 20, 21, 22, 23, 24, 25, 26, 27, 28, 29, 30, 31])
q load : [128, 0]
Stage : 1
start_n : 0 : offset of k [0,0]
no mask used
Offset of v [0, 0]
start_n : 32 : offset of k [32,0]
no mask used
Offset of v [0, 32]
start_n : 64 : offset of k [64,0]
no mask used
Offset of v [0, 64]
start_n : 96 : offset of k [96,0]
no mask used
Offset of v [0, 96]
Stage : 2
start_n : 128 : offset of k [128,0]
mask is used tensor([[ True, False, False,  ..., False, False, False],
        [ True,  True, False,  ..., False, False, False],
        [ True,  True,  True,  ..., False, False, False],
        ...,
        [ True,  True,  True,  ...,  True,  True,  True],
        [ True,  True,  True,  ...,  True,  True,  True],
        [ True,  True,  True,  ...,  True,  True,  True]])
Offset of v [0, 128]
start_n : 160 : offset of k [160,0]
mask is used tensor([[False, False, False,  ..., False, False, False],
        [False, False, False,  ..., False, False, False],
        [False, False, False,  ..., False, False, False],
        ...,
        [ True,  True,  True,  ...,  True, False, False],
        [ True,  True,  True,  ...,  True,  True, False],
        [ True,  True,  True,  ...,  True,  True,  True]])
Offset of v [0, 160]
start_m : 2, off_h : 1
off_h : 1, n_ctx : 1024, hidden_dim : 128
offset_y : 131072
qo_offset_y : 131200
offs_m : tensor([128, 129, 130, 131, 132, 133, 134, 135, 136, 137, 138, 139, 140, 141,
        142, 143, 144, 145, 146, 147, 148, 149, 150, 151, 152, 153, 154, 155,
        156, 157, 158, 159, 160, 161, 162, 163, 164, 165, 166, 167, 168, 169,
        170, 171, 172, 173, 174, 175, 176, 177, 178, 179, 180, 181, 182, 183,
        184, 185, 186, 187, 188, 189, 190, 191])
offs_n : tensor([ 0,  1,  2,  3,  4,  5,  6,  7,  8,  9, 10, 11, 12, 13, 14, 15, 16, 17,
        18, 19, 20, 21, 22, 23, 24, 25, 26, 27, 28, 29, 30, 31])
q load : [131200, 0]
Stage : 1
start_n : 0 : offset of k [131072,0]
no mask used
Offset of v [0, 131072]
start_n : 32 : offset of k [131104,0]
no mask used
Offset of v [0, 131104]
start_n : 64 : offset of k [131136,0]
no mask used
Offset of v [0, 131136]
start_n : 96 : offset of k [131168,0]
no mask used
Offset of v [0, 131168]
Stage : 2
start_n : 128 : offset of k [131200,0]
mask is used tensor([[ True, False, False,  ..., False, False, False],
        [ True,  True, False,  ..., False, False, False],
        [ True,  True,  True,  ..., False, False, False],
        ...,
        [ True,  True,  True,  ...,  True,  True,  True],
        [ True,  True,  True,  ...,  True,  True,  True],
        [ True,  True,  True,  ...,  True,  True,  True]])
Offset of v [0, 131200]
start_n : 160 : offset of k [131232,0]
mask is used tensor([[False, False, False,  ..., False, False, False],
        [False, False, False,  ..., False, False, False],
        [False, False, False,  ..., False, False, False],
        ...,
        [ True,  True,  True,  ...,  True, False, False],
        [ True,  True,  True,  ...,  True,  True, False],
        [ True,  True,  True,  ...,  True,  True,  True]])
Offset of v [0, 131232]
start_m : 3, off_h : 0
off_h : 0, n_ctx : 1024, hidden_dim : 128
offset_y : 0
qo_offset_y : 192
offs_m : tensor([192, 193, 194, 195, 196, 197, 198, 199, 200, 201, 202, 203, 204, 205,
        206, 207, 208, 209, 210, 211, 212, 213, 214, 215, 216, 217, 218, 219,
        220, 221, 222, 223, 224, 225, 226, 227, 228, 229, 230, 231, 232, 233,
        234, 235, 236, 237, 238, 239, 240, 241, 242, 243, 244, 245, 246, 247,
        248, 249, 250, 251, 252, 253, 254, 255])
offs_n : tensor([ 0,  1,  2,  3,  4,  5,  6,  7,  8,  9, 10, 11, 12, 13, 14, 15, 16, 17,
        18, 19, 20, 21, 22, 23, 24, 25, 26, 27, 28, 29, 30, 31])
q load : [192, 0]
Stage : 1
start_n : 0 : offset of k [0,0]
no mask used
Offset of v [0, 0]
start_n : 32 : offset of k [32,0]
no mask used
Offset of v [0, 32]
start_n : 64 : offset of k [64,0]
no mask used
Offset of v [0, 64]
start_n : 96 : offset of k [96,0]
no mask used
Offset of v [0, 96]
start_n : 128 : offset of k [128,0]
no mask used
Offset of v [0, 128]
start_n : 160 : offset of k [160,0]
no mask used
Offset of v [0, 160]
Stage : 2
start_n : 192 : offset of k [192,0]
mask is used tensor([[ True, False, False,  ..., False, False, False],
        [ True,  True, False,  ..., False, False, False],
        [ True,  True,  True,  ..., False, False, False],
        ...,
        [ True,  True,  True,  ...,  True,  True,  True],
        [ True,  True,  True,  ...,  True,  True,  True],
        [ True,  True,  True,  ...,  True,  True,  True]])
Offset of v [0, 192]
start_n : 224 : offset of k [224,0]
mask is used tensor([[False, False, False,  ..., False, False, False],
        [False, False, False,  ..., False, False, False],
        [False, False, False,  ..., False, False, False],
        ...,
        [ True,  True,  True,  ...,  True, False, False],
        [ True,  True,  True,  ...,  True,  True, False],
        [ True,  True,  True,  ...,  True,  True,  True]])
Offset of v [0, 224]
start_m : 3, off_h : 1
off_h : 1, n_ctx : 1024, hidden_dim : 128
offset_y : 131072
qo_offset_y : 131264
offs_m : tensor([192, 193, 194, 195, 196, 197, 198, 199, 200, 201, 202, 203, 204, 205,
        206, 207, 208, 209, 210, 211, 212, 213, 214, 215, 216, 217, 218, 219,
        220, 221, 222, 223, 224, 225, 226, 227, 228, 229, 230, 231, 232, 233,
        234, 235, 236, 237, 238, 239, 240, 241, 242, 243, 244, 245, 246, 247,
        248, 249, 250, 251, 252, 253, 254, 255])
offs_n : tensor([ 0,  1,  2,  3,  4,  5,  6,  7,  8,  9, 10, 11, 12, 13, 14, 15, 16, 17,
        18, 19, 20, 21, 22, 23, 24, 25, 26, 27, 28, 29, 30, 31])
q load : [131264, 0]
Stage : 1
start_n : 0 : offset of k [131072,0]
no mask used
Offset of v [0, 131072]
start_n : 32 : offset of k [131104,0]
no mask used
Offset of v [0, 131104]
start_n : 64 : offset of k [131136,0]
no mask used
Offset of v [0, 131136]
start_n : 96 : offset of k [131168,0]
no mask used
Offset of v [0, 131168]
start_n : 128 : offset of k [131200,0]
no mask used
Offset of v [0, 131200]
start_n : 160 : offset of k [131232,0]
no mask used
Offset of v [0, 131232]
Stage : 2
start_n : 192 : offset of k [131264,0]
mask is used tensor([[ True, False, False,  ..., False, False, False],
        [ True,  True, False,  ..., False, False, False],
        [ True,  True,  True,  ..., False, False, False],
        ...,
        [ True,  True,  True,  ...,  True,  True,  True],
        [ True,  True,  True,  ...,  True,  True,  True],
        [ True,  True,  True,  ...,  True,  True,  True]])
Offset of v [0, 131264]
start_n : 224 : offset of k [131296,0]
mask is used tensor([[False, False, False,  ..., False, False, False],
        [False, False, False,  ..., False, False, False],
        [False, False, False,  ..., False, False, False],
        ...,
        [ True,  True,  True,  ...,  True, False, False],
        [ True,  True,  True,  ...,  True,  True, False],
        [ True,  True,  True,  ...,  True,  True,  True]])
Offset of v [0, 131296]
start_m : 4, off_h : 0
off_h : 0, n_ctx : 1024, hidden_dim : 128
offset_y : 0
qo_offset_y : 256
offs_m : tensor([256, 257, 258, 259, 260, 261, 262, 263, 264, 265, 266, 267, 268, 269,
        270, 271, 272, 273, 274, 275, 276, 277, 278, 279, 280, 281, 282, 283,
        284, 285, 286, 287, 288, 289, 290, 291, 292, 293, 294, 295, 296, 297,
        298, 299, 300, 301, 302, 303, 304, 305, 306, 307, 308, 309, 310, 311,
        312, 313, 314, 315, 316, 317, 318, 319])
offs_n : tensor([ 0,  1,  2,  3,  4,  5,  6,  7,  8,  9, 10, 11, 12, 13, 14, 15, 16, 17,
        18, 19, 20, 21, 22, 23, 24, 25, 26, 27, 28, 29, 30, 31])
q load : [256, 0]
Stage : 1
start_n : 0 : offset of k [0,0]
no mask used
Offset of v [0, 0]
start_n : 32 : offset of k [32,0]
no mask used
Offset of v [0, 32]
start_n : 64 : offset of k [64,0]
no mask used
Offset of v [0, 64]
start_n : 96 : offset of k [96,0]
no mask used
Offset of v [0, 96]
start_n : 128 : offset of k [128,0]
no mask used
Offset of v [0, 128]
start_n : 160 : offset of k [160,0]
no mask used
Offset of v [0, 160]
start_n : 192 : offset of k [192,0]
no mask used
Offset of v [0, 192]
start_n : 224 : offset of k [224,0]
no mask used
Offset of v [0, 224]
Stage : 2
start_n : 256 : offset of k [256,0]
mask is used tensor([[ True, False, False,  ..., False, False, False],
        [ True,  True, False,  ..., False, False, False],
        [ True,  True,  True,  ..., False, False, False],
        ...,
        [ True,  True,  True,  ...,  True,  True,  True],
        [ True,  True,  True,  ...,  True,  True,  True],
        [ True,  True,  True,  ...,  True,  True,  True]])
Offset of v [0, 256]
start_n : 288 : offset of k [288,0]
mask is used tensor([[False, False, False,  ..., False, False, False],
        [False, False, False,  ..., False, False, False],
        [False, False, False,  ..., False, False, False],
        ...,
        [ True,  True,  True,  ...,  True, False, False],
        [ True,  True,  True,  ...,  True,  True, False],
        [ True,  True,  True,  ...,  True,  True,  True]])
Offset of v [0, 288]
start_m : 4, off_h : 1
off_h : 1, n_ctx : 1024, hidden_dim : 128
offset_y : 131072
qo_offset_y : 131328
offs_m : tensor([256, 257, 258, 259, 260, 261, 262, 263, 264, 265, 266, 267, 268, 269,
        270, 271, 272, 273, 274, 275, 276, 277, 278, 279, 280, 281, 282, 283,
        284, 285, 286, 287, 288, 289, 290, 291, 292, 293, 294, 295, 296, 297,
        298, 299, 300, 301, 302, 303, 304, 305, 306, 307, 308, 309, 310, 311,
        312, 313, 314, 315, 316, 317, 318, 319])
offs_n : tensor([ 0,  1,  2,  3,  4,  5,  6,  7,  8,  9, 10, 11, 12, 13, 14, 15, 16, 17,
        18, 19, 20, 21, 22, 23, 24, 25, 26, 27, 28, 29, 30, 31])
q load : [131328, 0]
Stage : 1
start_n : 0 : offset of k [131072,0]
no mask used
Offset of v [0, 131072]
start_n : 32 : offset of k [131104,0]
no mask used
Offset of v [0, 131104]
start_n : 64 : offset of k [131136,0]
no mask used
Offset of v [0, 131136]
start_n : 96 : offset of k [131168,0]
no mask used
Offset of v [0, 131168]
start_n : 128 : offset of k [131200,0]
no mask used
Offset of v [0, 131200]
start_n : 160 : offset of k [131232,0]
no mask used
Offset of v [0, 131232]
start_n : 192 : offset of k [131264,0]
no mask used
Offset of v [0, 131264]
start_n : 224 : offset of k [131296,0]
no mask used
Offset of v [0, 131296]
Stage : 2
start_n : 256 : offset of k [131328,0]
mask is used tensor([[ True, False, False,  ..., False, False, False],
        [ True,  True, False,  ..., False, False, False],
        [ True,  True,  True,  ..., False, False, False],
        ...,
        [ True,  True,  True,  ...,  True,  True,  True],
        [ True,  True,  True,  ...,  True,  True,  True],
        [ True,  True,  True,  ...,  True,  True,  True]])
Offset of v [0, 131328]
start_n : 288 : offset of k [131360,0]
mask is used tensor([[False, False, False,  ..., False, False, False],
        [False, False, False,  ..., False, False, False],
        [False, False, False,  ..., False, False, False],
        ...,
        [ True,  True,  True,  ...,  True, False, False],
        [ True,  True,  True,  ...,  True,  True, False],
        [ True,  True,  True,  ...,  True,  True,  True]])
Offset of v [0, 131360]
start_m : 5, off_h : 0
off_h : 0, n_ctx : 1024, hidden_dim : 128
offset_y : 0
qo_offset_y : 320
offs_m : tensor([320, 321, 322, 323, 324, 325, 326, 327, 328, 329, 330, 331, 332, 333,
        334, 335, 336, 337, 338, 339, 340, 341, 342, 343, 344, 345, 346, 347,
        348, 349, 350, 351, 352, 353, 354, 355, 356, 357, 358, 359, 360, 361,
        362, 363, 364, 365, 366, 367, 368, 369, 370, 371, 372, 373, 374, 375,
        376, 377, 378, 379, 380, 381, 382, 383])
offs_n : tensor([ 0,  1,  2,  3,  4,  5,  6,  7,  8,  9, 10, 11, 12, 13, 14, 15, 16, 17,
        18, 19, 20, 21, 22, 23, 24, 25, 26, 27, 28, 29, 30, 31])
q load : [320, 0]
Stage : 1
start_n : 0 : offset of k [0,0]
no mask used
Offset of v [0, 0]
start_n : 32 : offset of k [32,0]
no mask used
Offset of v [0, 32]
start_n : 64 : offset of k [64,0]
no mask used
Offset of v [0, 64]
start_n : 96 : offset of k [96,0]
no mask used
Offset of v [0, 96]
start_n : 128 : offset of k [128,0]
no mask used
Offset of v [0, 128]
start_n : 160 : offset of k [160,0]
no mask used
Offset of v [0, 160]
start_n : 192 : offset of k [192,0]
no mask used
Offset of v [0, 192]
start_n : 224 : offset of k [224,0]
no mask used
Offset of v [0, 224]
start_n : 256 : offset of k [256,0]
no mask used
Offset of v [0, 256]
start_n : 288 : offset of k [288,0]
no mask used
Offset of v [0, 288]
Stage : 2
start_n : 320 : offset of k [320,0]
mask is used tensor([[ True, False, False,  ..., False, False, False],
        [ True,  True, False,  ..., False, False, False],
        [ True,  True,  True,  ..., False, False, False],
        ...,
        [ True,  True,  True,  ...,  True,  True,  True],
        [ True,  True,  True,  ...,  True,  True,  True],
        [ True,  True,  True,  ...,  True,  True,  True]])
Offset of v [0, 320]
start_n : 352 : offset of k [352,0]
mask is used tensor([[False, False, False,  ..., False, False, False],
        [False, False, False,  ..., False, False, False],
        [False, False, False,  ..., False, False, False],
        ...,
        [ True,  True,  True,  ...,  True, False, False],
        [ True,  True,  True,  ...,  True,  True, False],
        [ True,  True,  True,  ...,  True,  True,  True]])
Offset of v [0, 352]
start_m : 5, off_h : 1
off_h : 1, n_ctx : 1024, hidden_dim : 128
offset_y : 131072
qo_offset_y : 131392
offs_m : tensor([320, 321, 322, 323, 324, 325, 326, 327, 328, 329, 330, 331, 332, 333,
        334, 335, 336, 337, 338, 339, 340, 341, 342, 343, 344, 345, 346, 347,
        348, 349, 350, 351, 352, 353, 354, 355, 356, 357, 358, 359, 360, 361,
        362, 363, 364, 365, 366, 367, 368, 369, 370, 371, 372, 373, 374, 375,
        376, 377, 378, 379, 380, 381, 382, 383])
offs_n : tensor([ 0,  1,  2,  3,  4,  5,  6,  7,  8,  9, 10, 11, 12, 13, 14, 15, 16, 17,
        18, 19, 20, 21, 22, 23, 24, 25, 26, 27, 28, 29, 30, 31])
q load : [131392, 0]
Stage : 1
start_n : 0 : offset of k [131072,0]
no mask used
Offset of v [0, 131072]
start_n : 32 : offset of k [131104,0]
no mask used
Offset of v [0, 131104]
start_n : 64 : offset of k [131136,0]
no mask used
Offset of v [0, 131136]
start_n : 96 : offset of k [131168,0]
no mask used
Offset of v [0, 131168]
start_n : 128 : offset of k [131200,0]
no mask used
Offset of v [0, 131200]
start_n : 160 : offset of k [131232,0]
no mask used
Offset of v [0, 131232]
start_n : 192 : offset of k [131264,0]
no mask used
Offset of v [0, 131264]
start_n : 224 : offset of k [131296,0]
no mask used
Offset of v [0, 131296]
start_n : 256 : offset of k [131328,0]
no mask used
Offset of v [0, 131328]
start_n : 288 : offset of k [131360,0]
no mask used
Offset of v [0, 131360]
Stage : 2
start_n : 320 : offset of k [131392,0]
mask is used tensor([[ True, False, False,  ..., False, False, False],
        [ True,  True, False,  ..., False, False, False],
        [ True,  True,  True,  ..., False, False, False],
        ...,
        [ True,  True,  True,  ...,  True,  True,  True],
        [ True,  True,  True,  ...,  True,  True,  True],
        [ True,  True,  True,  ...,  True,  True,  True]])
Offset of v [0, 131392]
start_n : 352 : offset of k [131424,0]
mask is used tensor([[False, False, False,  ..., False, False, False],
        [False, False, False,  ..., False, False, False],
        [False, False, False,  ..., False, False, False],
        ...,
        [ True,  True,  True,  ...,  True, False, False],
        [ True,  True,  True,  ...,  True,  True, False],
        [ True,  True,  True,  ...,  True,  True,  True]])
Offset of v [0, 131424]
start_m : 6, off_h : 0
off_h : 0, n_ctx : 1024, hidden_dim : 128
offset_y : 0
qo_offset_y : 384
offs_m : tensor([384, 385, 386, 387, 388, 389, 390, 391, 392, 393, 394, 395, 396, 397,
        398, 399, 400, 401, 402, 403, 404, 405, 406, 407, 408, 409, 410, 411,
        412, 413, 414, 415, 416, 417, 418, 419, 420, 421, 422, 423, 424, 425,
        426, 427, 428, 429, 430, 431, 432, 433, 434, 435, 436, 437, 438, 439,
        440, 441, 442, 443, 444, 445, 446, 447])
offs_n : tensor([ 0,  1,  2,  3,  4,  5,  6,  7,  8,  9, 10, 11, 12, 13, 14, 15, 16, 17,
        18, 19, 20, 21, 22, 23, 24, 25, 26, 27, 28, 29, 30, 31])
q load : [384, 0]
Stage : 1
start_n : 0 : offset of k [0,0]
no mask used
Offset of v [0, 0]
start_n : 32 : offset of k [32,0]
no mask used
Offset of v [0, 32]
start_n : 64 : offset of k [64,0]
no mask used
Offset of v [0, 64]
start_n : 96 : offset of k [96,0]
no mask used
Offset of v [0, 96]
start_n : 128 : offset of k [128,0]
no mask used
Offset of v [0, 128]
start_n : 160 : offset of k [160,0]
no mask used
Offset of v [0, 160]
start_n : 192 : offset of k [192,0]
no mask used
Offset of v [0, 192]
start_n : 224 : offset of k [224,0]
no mask used
Offset of v [0, 224]
start_n : 256 : offset of k [256,0]
no mask used
Offset of v [0, 256]
start_n : 288 : offset of k [288,0]
no mask used
Offset of v [0, 288]
start_n : 320 : offset of k [320,0]
no mask used
Offset of v [0, 320]
start_n : 352 : offset of k [352,0]
no mask used
Offset of v [0, 352]
Stage : 2
start_n : 384 : offset of k [384,0]
mask is used tensor([[ True, False, False,  ..., False, False, False],
        [ True,  True, False,  ..., False, False, False],
        [ True,  True,  True,  ..., False, False, False],
        ...,
        [ True,  True,  True,  ...,  True,  True,  True],
        [ True,  True,  True,  ...,  True,  True,  True],
        [ True,  True,  True,  ...,  True,  True,  True]])
Offset of v [0, 384]
start_n : 416 : offset of k [416,0]
mask is used tensor([[False, False, False,  ..., False, False, False],
        [False, False, False,  ..., False, False, False],
        [False, False, False,  ..., False, False, False],
        ...,
        [ True,  True,  True,  ...,  True, False, False],
        [ True,  True,  True,  ...,  True,  True, False],
        [ True,  True,  True,  ...,  True,  True,  True]])
Offset of v [0, 416]
start_m : 6, off_h : 1
off_h : 1, n_ctx : 1024, hidden_dim : 128
offset_y : 131072
qo_offset_y : 131456
offs_m : tensor([384, 385, 386, 387, 388, 389, 390, 391, 392, 393, 394, 395, 396, 397,
        398, 399, 400, 401, 402, 403, 404, 405, 406, 407, 408, 409, 410, 411,
        412, 413, 414, 415, 416, 417, 418, 419, 420, 421, 422, 423, 424, 425,
        426, 427, 428, 429, 430, 431, 432, 433, 434, 435, 436, 437, 438, 439,
        440, 441, 442, 443, 444, 445, 446, 447])
offs_n : tensor([ 0,  1,  2,  3,  4,  5,  6,  7,  8,  9, 10, 11, 12, 13, 14, 15, 16, 17,
        18, 19, 20, 21, 22, 23, 24, 25, 26, 27, 28, 29, 30, 31])
q load : [131456, 0]
Stage : 1
start_n : 0 : offset of k [131072,0]
no mask used
Offset of v [0, 131072]
start_n : 32 : offset of k [131104,0]
no mask used
Offset of v [0, 131104]
start_n : 64 : offset of k [131136,0]
no mask used
Offset of v [0, 131136]
start_n : 96 : offset of k [131168,0]
no mask used
Offset of v [0, 131168]
start_n : 128 : offset of k [131200,0]
no mask used
Offset of v [0, 131200]
start_n : 160 : offset of k [131232,0]
no mask used
Offset of v [0, 131232]
start_n : 192 : offset of k [131264,0]
no mask used
Offset of v [0, 131264]
start_n : 224 : offset of k [131296,0]
no mask used
Offset of v [0, 131296]
start_n : 256 : offset of k [131328,0]
no mask used
Offset of v [0, 131328]
start_n : 288 : offset of k [131360,0]
no mask used
Offset of v [0, 131360]
start_n : 320 : offset of k [131392,0]
no mask used
Offset of v [0, 131392]
start_n : 352 : offset of k [131424,0]
no mask used
Offset of v [0, 131424]
Stage : 2
start_n : 384 : offset of k [131456,0]
mask is used tensor([[ True, False, False,  ..., False, False, False],
        [ True,  True, False,  ..., False, False, False],
        [ True,  True,  True,  ..., False, False, False],
        ...,
        [ True,  True,  True,  ...,  True,  True,  True],
        [ True,  True,  True,  ...,  True,  True,  True],
        [ True,  True,  True,  ...,  True,  True,  True]])
Offset of v [0, 131456]
start_n : 416 : offset of k [131488,0]
mask is used tensor([[False, False, False,  ..., False, False, False],
        [False, False, False,  ..., False, False, False],
        [False, False, False,  ..., False, False, False],
        ...,
        [ True,  True,  True,  ...,  True, False, False],
        [ True,  True,  True,  ...,  True,  True, False],
        [ True,  True,  True,  ...,  True,  True,  True]])
Offset of v [0, 131488]
start_m : 7, off_h : 0
off_h : 0, n_ctx : 1024, hidden_dim : 128
offset_y : 0
qo_offset_y : 448
offs_m : tensor([448, 449, 450, 451, 452, 453, 454, 455, 456, 457, 458, 459, 460, 461,
        462, 463, 464, 465, 466, 467, 468, 469, 470, 471, 472, 473, 474, 475,
        476, 477, 478, 479, 480, 481, 482, 483, 484, 485, 486, 487, 488, 489,
        490, 491, 492, 493, 494, 495, 496, 497, 498, 499, 500, 501, 502, 503,
        504, 505, 506, 507, 508, 509, 510, 511])
offs_n : tensor([ 0,  1,  2,  3,  4,  5,  6,  7,  8,  9, 10, 11, 12, 13, 14, 15, 16, 17,
        18, 19, 20, 21, 22, 23, 24, 25, 26, 27, 28, 29, 30, 31])
q load : [448, 0]
Stage : 1
start_n : 0 : offset of k [0,0]
no mask used
Offset of v [0, 0]
start_n : 32 : offset of k [32,0]
no mask used
Offset of v [0, 32]
start_n : 64 : offset of k [64,0]
no mask used
Offset of v [0, 64]
start_n : 96 : offset of k [96,0]
no mask used
Offset of v [0, 96]
start_n : 128 : offset of k [128,0]
no mask used
Offset of v [0, 128]
start_n : 160 : offset of k [160,0]
no mask used
Offset of v [0, 160]
start_n : 192 : offset of k [192,0]
no mask used
Offset of v [0, 192]
start_n : 224 : offset of k [224,0]
no mask used
Offset of v [0, 224]
start_n : 256 : offset of k [256,0]
no mask used
Offset of v [0, 256]
start_n : 288 : offset of k [288,0]
no mask used
Offset of v [0, 288]
start_n : 320 : offset of k [320,0]
no mask used
Offset of v [0, 320]
start_n : 352 : offset of k [352,0]
no mask used
Offset of v [0, 352]
start_n : 384 : offset of k [384,0]
no mask used
Offset of v [0, 384]
start_n : 416 : offset of k [416,0]
no mask used
Offset of v [0, 416]
Stage : 2
start_n : 448 : offset of k [448,0]
mask is used tensor([[ True, False, False,  ..., False, False, False],
        [ True,  True, False,  ..., False, False, False],
        [ True,  True,  True,  ..., False, False, False],
        ...,
        [ True,  True,  True,  ...,  True,  True,  True],
        [ True,  True,  True,  ...,  True,  True,  True],
        [ True,  True,  True,  ...,  True,  True,  True]])
Offset of v [0, 448]
start_n : 480 : offset of k [480,0]
mask is used tensor([[False, False, False,  ..., False, False, False],
        [False, False, False,  ..., False, False, False],
        [False, False, False,  ..., False, False, False],
        ...,
        [ True,  True,  True,  ...,  True, False, False],
        [ True,  True,  True,  ...,  True,  True, False],
        [ True,  True,  True,  ...,  True,  True,  True]])
Offset of v [0, 480]
start_m : 7, off_h : 1
off_h : 1, n_ctx : 1024, hidden_dim : 128
offset_y : 131072
qo_offset_y : 131520
offs_m : tensor([448, 449, 450, 451, 452, 453, 454, 455, 456, 457, 458, 459, 460, 461,
        462, 463, 464, 465, 466, 467, 468, 469, 470, 471, 472, 473, 474, 475,
        476, 477, 478, 479, 480, 481, 482, 483, 484, 485, 486, 487, 488, 489,
        490, 491, 492, 493, 494, 495, 496, 497, 498, 499, 500, 501, 502, 503,
        504, 505, 506, 507, 508, 509, 510, 511])
offs_n : tensor([ 0,  1,  2,  3,  4,  5,  6,  7,  8,  9, 10, 11, 12, 13, 14, 15, 16, 17,
        18, 19, 20, 21, 22, 23, 24, 25, 26, 27, 28, 29, 30, 31])
q load : [131520, 0]
Stage : 1
start_n : 0 : offset of k [131072,0]
no mask used
Offset of v [0, 131072]
start_n : 32 : offset of k [131104,0]
no mask used
Offset of v [0, 131104]
start_n : 64 : offset of k [131136,0]
no mask used
Offset of v [0, 131136]
start_n : 96 : offset of k [131168,0]
no mask used
Offset of v [0, 131168]
start_n : 128 : offset of k [131200,0]
no mask used
Offset of v [0, 131200]
start_n : 160 : offset of k [131232,0]
no mask used
Offset of v [0, 131232]
start_n : 192 : offset of k [131264,0]
no mask used
Offset of v [0, 131264]
start_n : 224 : offset of k [131296,0]
no mask used
Offset of v [0, 131296]
start_n : 256 : offset of k [131328,0]
no mask used
Offset of v [0, 131328]
start_n : 288 : offset of k [131360,0]
no mask used
Offset of v [0, 131360]
start_n : 320 : offset of k [131392,0]
no mask used
Offset of v [0, 131392]
start_n : 352 : offset of k [131424,0]
no mask used
Offset of v [0, 131424]
start_n : 384 : offset of k [131456,0]
no mask used
Offset of v [0, 131456]
start_n : 416 : offset of k [131488,0]
no mask used
Offset of v [0, 131488]
Stage : 2
start_n : 448 : offset of k [131520,0]
mask is used tensor([[ True, False, False,  ..., False, False, False],
        [ True,  True, False,  ..., False, False, False],
        [ True,  True,  True,  ..., False, False, False],
        ...,
        [ True,  True,  True,  ...,  True,  True,  True],
        [ True,  True,  True,  ...,  True,  True,  True],
        [ True,  True,  True,  ...,  True,  True,  True]])
Offset of v [0, 131520]
start_n : 480 : offset of k [131552,0]
mask is used tensor([[False, False, False,  ..., False, False, False],
        [False, False, False,  ..., False, False, False],
        [False, False, False,  ..., False, False, False],
        ...,
        [ True,  True,  True,  ...,  True, False, False],
        [ True,  True,  True,  ...,  True,  True, False],
        [ True,  True,  True,  ...,  True,  True,  True]])
Offset of v [0, 131552]
start_m : 8, off_h : 0
off_h : 0, n_ctx : 1024, hidden_dim : 128
offset_y : 0
qo_offset_y : 512
offs_m : tensor([512, 513, 514, 515, 516, 517, 518, 519, 520, 521, 522, 523, 524, 525,
        526, 527, 528, 529, 530, 531, 532, 533, 534, 535, 536, 537, 538, 539,
        540, 541, 542, 543, 544, 545, 546, 547, 548, 549, 550, 551, 552, 553,
        554, 555, 556, 557, 558, 559, 560, 561, 562, 563, 564, 565, 566, 567,
        568, 569, 570, 571, 572, 573, 574, 575])
offs_n : tensor([ 0,  1,  2,  3,  4,  5,  6,  7,  8,  9, 10, 11, 12, 13, 14, 15, 16, 17,
        18, 19, 20, 21, 22, 23, 24, 25, 26, 27, 28, 29, 30, 31])
q load : [512, 0]
Stage : 1
start_n : 0 : offset of k [0,0]
no mask used
Offset of v [0, 0]
start_n : 32 : offset of k [32,0]
no mask used
Offset of v [0, 32]
start_n : 64 : offset of k [64,0]
no mask used
Offset of v [0, 64]
start_n : 96 : offset of k [96,0]
no mask used
Offset of v [0, 96]
start_n : 128 : offset of k [128,0]
no mask used
Offset of v [0, 128]
start_n : 160 : offset of k [160,0]
no mask used
Offset of v [0, 160]
start_n : 192 : offset of k [192,0]
no mask used
Offset of v [0, 192]
start_n : 224 : offset of k [224,0]
no mask used
Offset of v [0, 224]
start_n : 256 : offset of k [256,0]
no mask used
Offset of v [0, 256]
start_n : 288 : offset of k [288,0]
no mask used
Offset of v [0, 288]
start_n : 320 : offset of k [320,0]
no mask used
Offset of v [0, 320]
start_n : 352 : offset of k [352,0]
no mask used
Offset of v [0, 352]
start_n : 384 : offset of k [384,0]
no mask used
Offset of v [0, 384]
start_n : 416 : offset of k [416,0]
no mask used
Offset of v [0, 416]
start_n : 448 : offset of k [448,0]
no mask used
Offset of v [0, 448]
start_n : 480 : offset of k [480,0]
no mask used
Offset of v [0, 480]
Stage : 2
start_n : 512 : offset of k [512,0]
mask is used tensor([[ True, False, False,  ..., False, False, False],
        [ True,  True, False,  ..., False, False, False],
        [ True,  True,  True,  ..., False, False, False],
        ...,
        [ True,  True,  True,  ...,  True,  True,  True],
        [ True,  True,  True,  ...,  True,  True,  True],
        [ True,  True,  True,  ...,  True,  True,  True]])
Offset of v [0, 512]
start_n : 544 : offset of k [544,0]
mask is used tensor([[False, False, False,  ..., False, False, False],
        [False, False, False,  ..., False, False, False],
        [False, False, False,  ..., False, False, False],
        ...,
        [ True,  True,  True,  ...,  True, False, False],
        [ True,  True,  True,  ...,  True,  True, False],
        [ True,  True,  True,  ...,  True,  True,  True]])
Offset of v [0, 544]
start_m : 8, off_h : 1
off_h : 1, n_ctx : 1024, hidden_dim : 128
offset_y : 131072
qo_offset_y : 131584
offs_m : tensor([512, 513, 514, 515, 516, 517, 518, 519, 520, 521, 522, 523, 524, 525,
        526, 527, 528, 529, 530, 531, 532, 533, 534, 535, 536, 537, 538, 539,
        540, 541, 542, 543, 544, 545, 546, 547, 548, 549, 550, 551, 552, 553,
        554, 555, 556, 557, 558, 559, 560, 561, 562, 563, 564, 565, 566, 567,
        568, 569, 570, 571, 572, 573, 574, 575])
offs_n : tensor([ 0,  1,  2,  3,  4,  5,  6,  7,  8,  9, 10, 11, 12, 13, 14, 15, 16, 17,
        18, 19, 20, 21, 22, 23, 24, 25, 26, 27, 28, 29, 30, 31])
q load : [131584, 0]
Stage : 1
start_n : 0 : offset of k [131072,0]
no mask used
Offset of v [0, 131072]
start_n : 32 : offset of k [131104,0]
no mask used
Offset of v [0, 131104]
start_n : 64 : offset of k [131136,0]
no mask used
Offset of v [0, 131136]
start_n : 96 : offset of k [131168,0]
no mask used
Offset of v [0, 131168]
start_n : 128 : offset of k [131200,0]
no mask used
Offset of v [0, 131200]
start_n : 160 : offset of k [131232,0]
no mask used
Offset of v [0, 131232]
start_n : 192 : offset of k [131264,0]
no mask used
Offset of v [0, 131264]
start_n : 224 : offset of k [131296,0]
no mask used
Offset of v [0, 131296]
start_n : 256 : offset of k [131328,0]
no mask used
Offset of v [0, 131328]
start_n : 288 : offset of k [131360,0]
no mask used
Offset of v [0, 131360]
start_n : 320 : offset of k [131392,0]
no mask used
Offset of v [0, 131392]
start_n : 352 : offset of k [131424,0]
no mask used
Offset of v [0, 131424]
start_n : 384 : offset of k [131456,0]
no mask used
Offset of v [0, 131456]
start_n : 416 : offset of k [131488,0]
no mask used
Offset of v [0, 131488]
start_n : 448 : offset of k [131520,0]
no mask used
Offset of v [0, 131520]
start_n : 480 : offset of k [131552,0]
no mask used
Offset of v [0, 131552]
Stage : 2
start_n : 512 : offset of k [131584,0]
mask is used tensor([[ True, False, False,  ..., False, False, False],
        [ True,  True, False,  ..., False, False, False],
        [ True,  True,  True,  ..., False, False, False],
        ...,
        [ True,  True,  True,  ...,  True,  True,  True],
        [ True,  True,  True,  ...,  True,  True,  True],
        [ True,  True,  True,  ...,  True,  True,  True]])
Offset of v [0, 131584]
start_n : 544 : offset of k [131616,0]
mask is used tensor([[False, False, False,  ..., False, False, False],
        [False, False, False,  ..., False, False, False],
        [False, False, False,  ..., False, False, False],
        ...,
        [ True,  True,  True,  ...,  True, False, False],
        [ True,  True,  True,  ...,  True,  True, False],
        [ True,  True,  True,  ...,  True,  True,  True]])
Offset of v [0, 131616]
start_m : 9, off_h : 0
off_h : 0, n_ctx : 1024, hidden_dim : 128
offset_y : 0
qo_offset_y : 576
offs_m : tensor([576, 577, 578, 579, 580, 581, 582, 583, 584, 585, 586, 587, 588, 589,
        590, 591, 592, 593, 594, 595, 596, 597, 598, 599, 600, 601, 602, 603,
        604, 605, 606, 607, 608, 609, 610, 611, 612, 613, 614, 615, 616, 617,
        618, 619, 620, 621, 622, 623, 624, 625, 626, 627, 628, 629, 630, 631,
        632, 633, 634, 635, 636, 637, 638, 639])
offs_n : tensor([ 0,  1,  2,  3,  4,  5,  6,  7,  8,  9, 10, 11, 12, 13, 14, 15, 16, 17,
        18, 19, 20, 21, 22, 23, 24, 25, 26, 27, 28, 29, 30, 31])
q load : [576, 0]
Stage : 1
start_n : 0 : offset of k [0,0]
no mask used
Offset of v [0, 0]
start_n : 32 : offset of k [32,0]
no mask used
Offset of v [0, 32]
start_n : 64 : offset of k [64,0]
no mask used
Offset of v [0, 64]
start_n : 96 : offset of k [96,0]
no mask used
Offset of v [0, 96]
start_n : 128 : offset of k [128,0]
no mask used
Offset of v [0, 128]
start_n : 160 : offset of k [160,0]
no mask used
Offset of v [0, 160]
start_n : 192 : offset of k [192,0]
no mask used
Offset of v [0, 192]
start_n : 224 : offset of k [224,0]
no mask used
Offset of v [0, 224]
start_n : 256 : offset of k [256,0]
no mask used
Offset of v [0, 256]
start_n : 288 : offset of k [288,0]
no mask used
Offset of v [0, 288]
start_n : 320 : offset of k [320,0]
no mask used
Offset of v [0, 320]
start_n : 352 : offset of k [352,0]
no mask used
Offset of v [0, 352]
start_n : 384 : offset of k [384,0]
no mask used
Offset of v [0, 384]
start_n : 416 : offset of k [416,0]
no mask used
Offset of v [0, 416]
start_n : 448 : offset of k [448,0]
no mask used
Offset of v [0, 448]
start_n : 480 : offset of k [480,0]
no mask used
Offset of v [0, 480]
start_n : 512 : offset of k [512,0]
no mask used
Offset of v [0, 512]
start_n : 544 : offset of k [544,0]
no mask used
Offset of v [0, 544]
Stage : 2
start_n : 576 : offset of k [576,0]
mask is used tensor([[ True, False, False,  ..., False, False, False],
        [ True,  True, False,  ..., False, False, False],
        [ True,  True,  True,  ..., False, False, False],
        ...,
        [ True,  True,  True,  ...,  True,  True,  True],
        [ True,  True,  True,  ...,  True,  True,  True],
        [ True,  True,  True,  ...,  True,  True,  True]])
Offset of v [0, 576]
start_n : 608 : offset of k [608,0]
mask is used tensor([[False, False, False,  ..., False, False, False],
        [False, False, False,  ..., False, False, False],
        [False, False, False,  ..., False, False, False],
        ...,
        [ True,  True,  True,  ...,  True, False, False],
        [ True,  True,  True,  ...,  True,  True, False],
        [ True,  True,  True,  ...,  True,  True,  True]])
Offset of v [0, 608]
start_m : 9, off_h : 1
off_h : 1, n_ctx : 1024, hidden_dim : 128
offset_y : 131072
qo_offset_y : 131648
offs_m : tensor([576, 577, 578, 579, 580, 581, 582, 583, 584, 585, 586, 587, 588, 589,
        590, 591, 592, 593, 594, 595, 596, 597, 598, 599, 600, 601, 602, 603,
        604, 605, 606, 607, 608, 609, 610, 611, 612, 613, 614, 615, 616, 617,
        618, 619, 620, 621, 622, 623, 624, 625, 626, 627, 628, 629, 630, 631,
        632, 633, 634, 635, 636, 637, 638, 639])
offs_n : tensor([ 0,  1,  2,  3,  4,  5,  6,  7,  8,  9, 10, 11, 12, 13, 14, 15, 16, 17,
        18, 19, 20, 21, 22, 23, 24, 25, 26, 27, 28, 29, 30, 31])
q load : [131648, 0]
Stage : 1
start_n : 0 : offset of k [131072,0]
no mask used
Offset of v [0, 131072]
start_n : 32 : offset of k [131104,0]
no mask used
Offset of v [0, 131104]
start_n : 64 : offset of k [131136,0]
no mask used
Offset of v [0, 131136]
start_n : 96 : offset of k [131168,0]
no mask used
Offset of v [0, 131168]
start_n : 128 : offset of k [131200,0]
no mask used
Offset of v [0, 131200]
start_n : 160 : offset of k [131232,0]
no mask used
Offset of v [0, 131232]
start_n : 192 : offset of k [131264,0]
no mask used
Offset of v [0, 131264]
start_n : 224 : offset of k [131296,0]
no mask used
Offset of v [0, 131296]
start_n : 256 : offset of k [131328,0]
no mask used
Offset of v [0, 131328]
start_n : 288 : offset of k [131360,0]
no mask used
Offset of v [0, 131360]
start_n : 320 : offset of k [131392,0]
no mask used
Offset of v [0, 131392]
start_n : 352 : offset of k [131424,0]
no mask used
Offset of v [0, 131424]
start_n : 384 : offset of k [131456,0]
no mask used
Offset of v [0, 131456]
start_n : 416 : offset of k [131488,0]
no mask used
Offset of v [0, 131488]
start_n : 448 : offset of k [131520,0]
no mask used
Offset of v [0, 131520]
start_n : 480 : offset of k [131552,0]
no mask used
Offset of v [0, 131552]
start_n : 512 : offset of k [131584,0]
no mask used
Offset of v [0, 131584]
start_n : 544 : offset of k [131616,0]
no mask used
Offset of v [0, 131616]
Stage : 2
start_n : 576 : offset of k [131648,0]
mask is used tensor([[ True, False, False,  ..., False, False, False],
        [ True,  True, False,  ..., False, False, False],
        [ True,  True,  True,  ..., False, False, False],
        ...,
        [ True,  True,  True,  ...,  True,  True,  True],
        [ True,  True,  True,  ...,  True,  True,  True],
        [ True,  True,  True,  ...,  True,  True,  True]])
Offset of v [0, 131648]
start_n : 608 : offset of k [131680,0]
mask is used tensor([[False, False, False,  ..., False, False, False],
        [False, False, False,  ..., False, False, False],
        [False, False, False,  ..., False, False, False],
        ...,
        [ True,  True,  True,  ...,  True, False, False],
        [ True,  True,  True,  ...,  True,  True, False],
        [ True,  True,  True,  ...,  True,  True,  True]])
Offset of v [0, 131680]
start_m : 10, off_h : 0
off_h : 0, n_ctx : 1024, hidden_dim : 128
offset_y : 0
qo_offset_y : 640
offs_m : tensor([640, 641, 642, 643, 644, 645, 646, 647, 648, 649, 650, 651, 652, 653,
        654, 655, 656, 657, 658, 659, 660, 661, 662, 663, 664, 665, 666, 667,
        668, 669, 670, 671, 672, 673, 674, 675, 676, 677, 678, 679, 680, 681,
        682, 683, 684, 685, 686, 687, 688, 689, 690, 691, 692, 693, 694, 695,
        696, 697, 698, 699, 700, 701, 702, 703])
offs_n : tensor([ 0,  1,  2,  3,  4,  5,  6,  7,  8,  9, 10, 11, 12, 13, 14, 15, 16, 17,
        18, 19, 20, 21, 22, 23, 24, 25, 26, 27, 28, 29, 30, 31])
q load : [640, 0]
Stage : 1
start_n : 0 : offset of k [0,0]
no mask used
Offset of v [0, 0]
start_n : 32 : offset of k [32,0]
no mask used
Offset of v [0, 32]
start_n : 64 : offset of k [64,0]
no mask used
Offset of v [0, 64]
start_n : 96 : offset of k [96,0]
no mask used
Offset of v [0, 96]
start_n : 128 : offset of k [128,0]
no mask used
Offset of v [0, 128]
start_n : 160 : offset of k [160,0]
no mask used
Offset of v [0, 160]
start_n : 192 : offset of k [192,0]
no mask used
Offset of v [0, 192]
start_n : 224 : offset of k [224,0]
no mask used
Offset of v [0, 224]
start_n : 256 : offset of k [256,0]
no mask used
Offset of v [0, 256]
start_n : 288 : offset of k [288,0]
no mask used
Offset of v [0, 288]
start_n : 320 : offset of k [320,0]
no mask used
Offset of v [0, 320]
start_n : 352 : offset of k [352,0]
no mask used
Offset of v [0, 352]
start_n : 384 : offset of k [384,0]
no mask used
Offset of v [0, 384]
start_n : 416 : offset of k [416,0]
no mask used
Offset of v [0, 416]
start_n : 448 : offset of k [448,0]
no mask used
Offset of v [0, 448]
start_n : 480 : offset of k [480,0]
no mask used
Offset of v [0, 480]
start_n : 512 : offset of k [512,0]
no mask used
Offset of v [0, 512]
start_n : 544 : offset of k [544,0]
no mask used
Offset of v [0, 544]
start_n : 576 : offset of k [576,0]
no mask used
Offset of v [0, 576]
start_n : 608 : offset of k [608,0]
no mask used
Offset of v [0, 608]
Stage : 2
start_n : 640 : offset of k [640,0]
mask is used tensor([[ True, False, False,  ..., False, False, False],
        [ True,  True, False,  ..., False, False, False],
        [ True,  True,  True,  ..., False, False, False],
        ...,
        [ True,  True,  True,  ...,  True,  True,  True],
        [ True,  True,  True,  ...,  True,  True,  True],
        [ True,  True,  True,  ...,  True,  True,  True]])
Offset of v [0, 640]
start_n : 672 : offset of k [672,0]
mask is used tensor([[False, False, False,  ..., False, False, False],
        [False, False, False,  ..., False, False, False],
        [False, False, False,  ..., False, False, False],
        ...,
        [ True,  True,  True,  ...,  True, False, False],
        [ True,  True,  True,  ...,  True,  True, False],
        [ True,  True,  True,  ...,  True,  True,  True]])
Offset of v [0, 672]
start_m : 10, off_h : 1
off_h : 1, n_ctx : 1024, hidden_dim : 128
offset_y : 131072
qo_offset_y : 131712
offs_m : tensor([640, 641, 642, 643, 644, 645, 646, 647, 648, 649, 650, 651, 652, 653,
        654, 655, 656, 657, 658, 659, 660, 661, 662, 663, 664, 665, 666, 667,
        668, 669, 670, 671, 672, 673, 674, 675, 676, 677, 678, 679, 680, 681,
        682, 683, 684, 685, 686, 687, 688, 689, 690, 691, 692, 693, 694, 695,
        696, 697, 698, 699, 700, 701, 702, 703])
offs_n : tensor([ 0,  1,  2,  3,  4,  5,  6,  7,  8,  9, 10, 11, 12, 13, 14, 15, 16, 17,
        18, 19, 20, 21, 22, 23, 24, 25, 26, 27, 28, 29, 30, 31])
q load : [131712, 0]
Stage : 1
start_n : 0 : offset of k [131072,0]
no mask used
Offset of v [0, 131072]
start_n : 32 : offset of k [131104,0]
no mask used
Offset of v [0, 131104]
start_n : 64 : offset of k [131136,0]
no mask used
Offset of v [0, 131136]
start_n : 96 : offset of k [131168,0]
no mask used
Offset of v [0, 131168]
start_n : 128 : offset of k [131200,0]
no mask used
Offset of v [0, 131200]
start_n : 160 : offset of k [131232,0]
no mask used
Offset of v [0, 131232]
start_n : 192 : offset of k [131264,0]
no mask used
Offset of v [0, 131264]
start_n : 224 : offset of k [131296,0]
no mask used
Offset of v [0, 131296]
start_n : 256 : offset of k [131328,0]
no mask used
Offset of v [0, 131328]
start_n : 288 : offset of k [131360,0]
no mask used
Offset of v [0, 131360]
start_n : 320 : offset of k [131392,0]
no mask used
Offset of v [0, 131392]
start_n : 352 : offset of k [131424,0]
no mask used
Offset of v [0, 131424]
start_n : 384 : offset of k [131456,0]
no mask used
Offset of v [0, 131456]
start_n : 416 : offset of k [131488,0]
no mask used
Offset of v [0, 131488]
start_n : 448 : offset of k [131520,0]
no mask used
Offset of v [0, 131520]
start_n : 480 : offset of k [131552,0]
no mask used
Offset of v [0, 131552]
start_n : 512 : offset of k [131584,0]
no mask used
Offset of v [0, 131584]
start_n : 544 : offset of k [131616,0]
no mask used
Offset of v [0, 131616]
start_n : 576 : offset of k [131648,0]
no mask used
Offset of v [0, 131648]
start_n : 608 : offset of k [131680,0]
no mask used
Offset of v [0, 131680]
Stage : 2
start_n : 640 : offset of k [131712,0]
mask is used tensor([[ True, False, False,  ..., False, False, False],
        [ True,  True, False,  ..., False, False, False],
        [ True,  True,  True,  ..., False, False, False],
        ...,
        [ True,  True,  True,  ...,  True,  True,  True],
        [ True,  True,  True,  ...,  True,  True,  True],
        [ True,  True,  True,  ...,  True,  True,  True]])
Offset of v [0, 131712]
start_n : 672 : offset of k [131744,0]
mask is used tensor([[False, False, False,  ..., False, False, False],
        [False, False, False,  ..., False, False, False],
        [False, False, False,  ..., False, False, False],
        ...,
        [ True,  True,  True,  ...,  True, False, False],
        [ True,  True,  True,  ...,  True,  True, False],
        [ True,  True,  True,  ...,  True,  True,  True]])
Offset of v [0, 131744]
start_m : 11, off_h : 0
off_h : 0, n_ctx : 1024, hidden_dim : 128
offset_y : 0
qo_offset_y : 704
offs_m : tensor([704, 705, 706, 707, 708, 709, 710, 711, 712, 713, 714, 715, 716, 717,
        718, 719, 720, 721, 722, 723, 724, 725, 726, 727, 728, 729, 730, 731,
        732, 733, 734, 735, 736, 737, 738, 739, 740, 741, 742, 743, 744, 745,
        746, 747, 748, 749, 750, 751, 752, 753, 754, 755, 756, 757, 758, 759,
        760, 761, 762, 763, 764, 765, 766, 767])
offs_n : tensor([ 0,  1,  2,  3,  4,  5,  6,  7,  8,  9, 10, 11, 12, 13, 14, 15, 16, 17,
        18, 19, 20, 21, 22, 23, 24, 25, 26, 27, 28, 29, 30, 31])
q load : [704, 0]
Stage : 1
start_n : 0 : offset of k [0,0]
no mask used
Offset of v [0, 0]
start_n : 32 : offset of k [32,0]
no mask used
Offset of v [0, 32]
start_n : 64 : offset of k [64,0]
no mask used
Offset of v [0, 64]
start_n : 96 : offset of k [96,0]
no mask used
Offset of v [0, 96]
start_n : 128 : offset of k [128,0]
no mask used
Offset of v [0, 128]
start_n : 160 : offset of k [160,0]
no mask used
Offset of v [0, 160]
start_n : 192 : offset of k [192,0]
no mask used
Offset of v [0, 192]
start_n : 224 : offset of k [224,0]
no mask used
Offset of v [0, 224]
start_n : 256 : offset of k [256,0]
no mask used
Offset of v [0, 256]
start_n : 288 : offset of k [288,0]
no mask used
Offset of v [0, 288]
start_n : 320 : offset of k [320,0]
no mask used
Offset of v [0, 320]
start_n : 352 : offset of k [352,0]
no mask used
Offset of v [0, 352]
start_n : 384 : offset of k [384,0]
no mask used
Offset of v [0, 384]
start_n : 416 : offset of k [416,0]
no mask used
Offset of v [0, 416]
start_n : 448 : offset of k [448,0]
no mask used
Offset of v [0, 448]
start_n : 480 : offset of k [480,0]
no mask used
Offset of v [0, 480]
start_n : 512 : offset of k [512,0]
no mask used
Offset of v [0, 512]
start_n : 544 : offset of k [544,0]
no mask used
Offset of v [0, 544]
start_n : 576 : offset of k [576,0]
no mask used
Offset of v [0, 576]
start_n : 608 : offset of k [608,0]
no mask used
Offset of v [0, 608]
start_n : 640 : offset of k [640,0]
no mask used
Offset of v [0, 640]
start_n : 672 : offset of k [672,0]
no mask used
Offset of v [0, 672]
Stage : 2
start_n : 704 : offset of k [704,0]
mask is used tensor([[ True, False, False,  ..., False, False, False],
        [ True,  True, False,  ..., False, False, False],
        [ True,  True,  True,  ..., False, False, False],
        ...,
        [ True,  True,  True,  ...,  True,  True,  True],
        [ True,  True,  True,  ...,  True,  True,  True],
        [ True,  True,  True,  ...,  True,  True,  True]])
Offset of v [0, 704]
start_n : 736 : offset of k [736,0]
mask is used tensor([[False, False, False,  ..., False, False, False],
        [False, False, False,  ..., False, False, False],
        [False, False, False,  ..., False, False, False],
        ...,
        [ True,  True,  True,  ...,  True, False, False],
        [ True,  True,  True,  ...,  True,  True, False],
        [ True,  True,  True,  ...,  True,  True,  True]])
Offset of v [0, 736]
start_m : 11, off_h : 1
off_h : 1, n_ctx : 1024, hidden_dim : 128
offset_y : 131072
qo_offset_y : 131776
offs_m : tensor([704, 705, 706, 707, 708, 709, 710, 711, 712, 713, 714, 715, 716, 717,
        718, 719, 720, 721, 722, 723, 724, 725, 726, 727, 728, 729, 730, 731,
        732, 733, 734, 735, 736, 737, 738, 739, 740, 741, 742, 743, 744, 745,
        746, 747, 748, 749, 750, 751, 752, 753, 754, 755, 756, 757, 758, 759,
        760, 761, 762, 763, 764, 765, 766, 767])
offs_n : tensor([ 0,  1,  2,  3,  4,  5,  6,  7,  8,  9, 10, 11, 12, 13, 14, 15, 16, 17,
        18, 19, 20, 21, 22, 23, 24, 25, 26, 27, 28, 29, 30, 31])
q load : [131776, 0]
Stage : 1
start_n : 0 : offset of k [131072,0]
no mask used
Offset of v [0, 131072]
start_n : 32 : offset of k [131104,0]
no mask used
Offset of v [0, 131104]
start_n : 64 : offset of k [131136,0]
no mask used
Offset of v [0, 131136]
start_n : 96 : offset of k [131168,0]
no mask used
Offset of v [0, 131168]
start_n : 128 : offset of k [131200,0]
no mask used
Offset of v [0, 131200]
start_n : 160 : offset of k [131232,0]
no mask used
Offset of v [0, 131232]
start_n : 192 : offset of k [131264,0]
no mask used
Offset of v [0, 131264]
start_n : 224 : offset of k [131296,0]
no mask used
Offset of v [0, 131296]
start_n : 256 : offset of k [131328,0]
no mask used
Offset of v [0, 131328]
start_n : 288 : offset of k [131360,0]
no mask used
Offset of v [0, 131360]
start_n : 320 : offset of k [131392,0]
no mask used
Offset of v [0, 131392]
start_n : 352 : offset of k [131424,0]
no mask used
Offset of v [0, 131424]
start_n : 384 : offset of k [131456,0]
no mask used
Offset of v [0, 131456]
start_n : 416 : offset of k [131488,0]
no mask used
Offset of v [0, 131488]
start_n : 448 : offset of k [131520,0]
no mask used
Offset of v [0, 131520]
start_n : 480 : offset of k [131552,0]
no mask used
Offset of v [0, 131552]
start_n : 512 : offset of k [131584,0]
no mask used
Offset of v [0, 131584]
start_n : 544 : offset of k [131616,0]
no mask used
Offset of v [0, 131616]
start_n : 576 : offset of k [131648,0]
no mask used
Offset of v [0, 131648]
start_n : 608 : offset of k [131680,0]
no mask used
Offset of v [0, 131680]
start_n : 640 : offset of k [131712,0]
no mask used
Offset of v [0, 131712]
start_n : 672 : offset of k [131744,0]
no mask used
Offset of v [0, 131744]
Stage : 2
start_n : 704 : offset of k [131776,0]
mask is used tensor([[ True, False, False,  ..., False, False, False],
        [ True,  True, False,  ..., False, False, False],
        [ True,  True,  True,  ..., False, False, False],
        ...,
        [ True,  True,  True,  ...,  True,  True,  True],
        [ True,  True,  True,  ...,  True,  True,  True],
        [ True,  True,  True,  ...,  True,  True,  True]])
Offset of v [0, 131776]
start_n : 736 : offset of k [131808,0]
mask is used tensor([[False, False, False,  ..., False, False, False],
        [False, False, False,  ..., False, False, False],
        [False, False, False,  ..., False, False, False],
        ...,
        [ True,  True,  True,  ...,  True, False, False],
        [ True,  True,  True,  ...,  True,  True, False],
        [ True,  True,  True,  ...,  True,  True,  True]])
Offset of v [0, 131808]
start_m : 12, off_h : 0
off_h : 0, n_ctx : 1024, hidden_dim : 128
offset_y : 0
qo_offset_y : 768
offs_m : tensor([768, 769, 770, 771, 772, 773, 774, 775, 776, 777, 778, 779, 780, 781,
        782, 783, 784, 785, 786, 787, 788, 789, 790, 791, 792, 793, 794, 795,
        796, 797, 798, 799, 800, 801, 802, 803, 804, 805, 806, 807, 808, 809,
        810, 811, 812, 813, 814, 815, 816, 817, 818, 819, 820, 821, 822, 823,
        824, 825, 826, 827, 828, 829, 830, 831])
offs_n : tensor([ 0,  1,  2,  3,  4,  5,  6,  7,  8,  9, 10, 11, 12, 13, 14, 15, 16, 17,
        18, 19, 20, 21, 22, 23, 24, 25, 26, 27, 28, 29, 30, 31])
q load : [768, 0]
Stage : 1
start_n : 0 : offset of k [0,0]
no mask used
Offset of v [0, 0]
start_n : 32 : offset of k [32,0]
no mask used
Offset of v [0, 32]
start_n : 64 : offset of k [64,0]
no mask used
Offset of v [0, 64]
start_n : 96 : offset of k [96,0]
no mask used
Offset of v [0, 96]
start_n : 128 : offset of k [128,0]
no mask used
Offset of v [0, 128]
start_n : 160 : offset of k [160,0]
no mask used
Offset of v [0, 160]
start_n : 192 : offset of k [192,0]
no mask used
Offset of v [0, 192]
start_n : 224 : offset of k [224,0]
no mask used
Offset of v [0, 224]
start_n : 256 : offset of k [256,0]
no mask used
Offset of v [0, 256]
start_n : 288 : offset of k [288,0]
no mask used
Offset of v [0, 288]
start_n : 320 : offset of k [320,0]
no mask used
Offset of v [0, 320]
start_n : 352 : offset of k [352,0]
no mask used
Offset of v [0, 352]
start_n : 384 : offset of k [384,0]
no mask used
Offset of v [0, 384]
start_n : 416 : offset of k [416,0]
no mask used
Offset of v [0, 416]
start_n : 448 : offset of k [448,0]
no mask used
Offset of v [0, 448]
start_n : 480 : offset of k [480,0]
no mask used
Offset of v [0, 480]
start_n : 512 : offset of k [512,0]
no mask used
Offset of v [0, 512]
start_n : 544 : offset of k [544,0]
no mask used
Offset of v [0, 544]
start_n : 576 : offset of k [576,0]
no mask used
Offset of v [0, 576]
start_n : 608 : offset of k [608,0]
no mask used
Offset of v [0, 608]
start_n : 640 : offset of k [640,0]
no mask used
Offset of v [0, 640]
start_n : 672 : offset of k [672,0]
no mask used
Offset of v [0, 672]
start_n : 704 : offset of k [704,0]
no mask used
Offset of v [0, 704]
start_n : 736 : offset of k [736,0]
no mask used
Offset of v [0, 736]
Stage : 2
start_n : 768 : offset of k [768,0]
mask is used tensor([[ True, False, False,  ..., False, False, False],
        [ True,  True, False,  ..., False, False, False],
        [ True,  True,  True,  ..., False, False, False],
        ...,
        [ True,  True,  True,  ...,  True,  True,  True],
        [ True,  True,  True,  ...,  True,  True,  True],
        [ True,  True,  True,  ...,  True,  True,  True]])
Offset of v [0, 768]
start_n : 800 : offset of k [800,0]
mask is used tensor([[False, False, False,  ..., False, False, False],
        [False, False, False,  ..., False, False, False],
        [False, False, False,  ..., False, False, False],
        ...,
        [ True,  True,  True,  ...,  True, False, False],
        [ True,  True,  True,  ...,  True,  True, False],
        [ True,  True,  True,  ...,  True,  True,  True]])
Offset of v [0, 800]
start_m : 12, off_h : 1
off_h : 1, n_ctx : 1024, hidden_dim : 128
offset_y : 131072
qo_offset_y : 131840
offs_m : tensor([768, 769, 770, 771, 772, 773, 774, 775, 776, 777, 778, 779, 780, 781,
        782, 783, 784, 785, 786, 787, 788, 789, 790, 791, 792, 793, 794, 795,
        796, 797, 798, 799, 800, 801, 802, 803, 804, 805, 806, 807, 808, 809,
        810, 811, 812, 813, 814, 815, 816, 817, 818, 819, 820, 821, 822, 823,
        824, 825, 826, 827, 828, 829, 830, 831])
offs_n : tensor([ 0,  1,  2,  3,  4,  5,  6,  7,  8,  9, 10, 11, 12, 13, 14, 15, 16, 17,
        18, 19, 20, 21, 22, 23, 24, 25, 26, 27, 28, 29, 30, 31])
q load : [131840, 0]
Stage : 1
start_n : 0 : offset of k [131072,0]
no mask used
Offset of v [0, 131072]
start_n : 32 : offset of k [131104,0]
no mask used
Offset of v [0, 131104]
start_n : 64 : offset of k [131136,0]
no mask used
Offset of v [0, 131136]
start_n : 96 : offset of k [131168,0]
no mask used
Offset of v [0, 131168]
start_n : 128 : offset of k [131200,0]
no mask used
Offset of v [0, 131200]
start_n : 160 : offset of k [131232,0]
no mask used
Offset of v [0, 131232]
start_n : 192 : offset of k [131264,0]
no mask used
Offset of v [0, 131264]
start_n : 224 : offset of k [131296,0]
no mask used
Offset of v [0, 131296]
start_n : 256 : offset of k [131328,0]
no mask used
Offset of v [0, 131328]
start_n : 288 : offset of k [131360,0]
no mask used
Offset of v [0, 131360]
start_n : 320 : offset of k [131392,0]
no mask used
Offset of v [0, 131392]
start_n : 352 : offset of k [131424,0]
no mask used
Offset of v [0, 131424]
start_n : 384 : offset of k [131456,0]
no mask used
Offset of v [0, 131456]
start_n : 416 : offset of k [131488,0]
no mask used
Offset of v [0, 131488]
start_n : 448 : offset of k [131520,0]
no mask used
Offset of v [0, 131520]
start_n : 480 : offset of k [131552,0]
no mask used
Offset of v [0, 131552]
start_n : 512 : offset of k [131584,0]
no mask used
Offset of v [0, 131584]
start_n : 544 : offset of k [131616,0]
no mask used
Offset of v [0, 131616]
start_n : 576 : offset of k [131648,0]
no mask used
Offset of v [0, 131648]
start_n : 608 : offset of k [131680,0]
no mask used
Offset of v [0, 131680]
start_n : 640 : offset of k [131712,0]
no mask used
Offset of v [0, 131712]
start_n : 672 : offset of k [131744,0]
no mask used
Offset of v [0, 131744]
start_n : 704 : offset of k [131776,0]
no mask used
Offset of v [0, 131776]
start_n : 736 : offset of k [131808,0]
no mask used
Offset of v [0, 131808]
Stage : 2
start_n : 768 : offset of k [131840,0]
mask is used tensor([[ True, False, False,  ..., False, False, False],
        [ True,  True, False,  ..., False, False, False],
        [ True,  True,  True,  ..., False, False, False],
        ...,
        [ True,  True,  True,  ...,  True,  True,  True],
        [ True,  True,  True,  ...,  True,  True,  True],
        [ True,  True,  True,  ...,  True,  True,  True]])
Offset of v [0, 131840]
start_n : 800 : offset of k [131872,0]
mask is used tensor([[False, False, False,  ..., False, False, False],
        [False, False, False,  ..., False, False, False],
        [False, False, False,  ..., False, False, False],
        ...,
        [ True,  True,  True,  ...,  True, False, False],
        [ True,  True,  True,  ...,  True,  True, False],
        [ True,  True,  True,  ...,  True,  True,  True]])
Offset of v [0, 131872]
start_m : 13, off_h : 0
off_h : 0, n_ctx : 1024, hidden_dim : 128
offset_y : 0
qo_offset_y : 832
offs_m : tensor([832, 833, 834, 835, 836, 837, 838, 839, 840, 841, 842, 843, 844, 845,
        846, 847, 848, 849, 850, 851, 852, 853, 854, 855, 856, 857, 858, 859,
        860, 861, 862, 863, 864, 865, 866, 867, 868, 869, 870, 871, 872, 873,
        874, 875, 876, 877, 878, 879, 880, 881, 882, 883, 884, 885, 886, 887,
        888, 889, 890, 891, 892, 893, 894, 895])
offs_n : tensor([ 0,  1,  2,  3,  4,  5,  6,  7,  8,  9, 10, 11, 12, 13, 14, 15, 16, 17,
        18, 19, 20, 21, 22, 23, 24, 25, 26, 27, 28, 29, 30, 31])
q load : [832, 0]
Stage : 1
start_n : 0 : offset of k [0,0]
no mask used
Offset of v [0, 0]
start_n : 32 : offset of k [32,0]
no mask used
Offset of v [0, 32]
start_n : 64 : offset of k [64,0]
no mask used
Offset of v [0, 64]
start_n : 96 : offset of k [96,0]
no mask used
Offset of v [0, 96]
start_n : 128 : offset of k [128,0]
no mask used
Offset of v [0, 128]
start_n : 160 : offset of k [160,0]
no mask used
Offset of v [0, 160]
start_n : 192 : offset of k [192,0]
no mask used
Offset of v [0, 192]
start_n : 224 : offset of k [224,0]
no mask used
Offset of v [0, 224]
start_n : 256 : offset of k [256,0]
no mask used
Offset of v [0, 256]
start_n : 288 : offset of k [288,0]
no mask used
Offset of v [0, 288]
start_n : 320 : offset of k [320,0]
no mask used
Offset of v [0, 320]
start_n : 352 : offset of k [352,0]
no mask used
Offset of v [0, 352]
start_n : 384 : offset of k [384,0]
no mask used
Offset of v [0, 384]
start_n : 416 : offset of k [416,0]
no mask used
Offset of v [0, 416]
start_n : 448 : offset of k [448,0]
no mask used
Offset of v [0, 448]
start_n : 480 : offset of k [480,0]
no mask used
Offset of v [0, 480]
start_n : 512 : offset of k [512,0]
no mask used
Offset of v [0, 512]
start_n : 544 : offset of k [544,0]
no mask used
Offset of v [0, 544]
start_n : 576 : offset of k [576,0]
no mask used
Offset of v [0, 576]
start_n : 608 : offset of k [608,0]
no mask used
Offset of v [0, 608]
start_n : 640 : offset of k [640,0]
no mask used
Offset of v [0, 640]
start_n : 672 : offset of k [672,0]
no mask used
Offset of v [0, 672]
start_n : 704 : offset of k [704,0]
no mask used
Offset of v [0, 704]
start_n : 736 : offset of k [736,0]
no mask used
Offset of v [0, 736]
start_n : 768 : offset of k [768,0]
no mask used
Offset of v [0, 768]
start_n : 800 : offset of k [800,0]
no mask used
Offset of v [0, 800]
Stage : 2
start_n : 832 : offset of k [832,0]
mask is used tensor([[ True, False, False,  ..., False, False, False],
        [ True,  True, False,  ..., False, False, False],
        [ True,  True,  True,  ..., False, False, False],
        ...,
        [ True,  True,  True,  ...,  True,  True,  True],
        [ True,  True,  True,  ...,  True,  True,  True],
        [ True,  True,  True,  ...,  True,  True,  True]])
Offset of v [0, 832]
start_n : 864 : offset of k [864,0]
mask is used tensor([[False, False, False,  ..., False, False, False],
        [False, False, False,  ..., False, False, False],
        [False, False, False,  ..., False, False, False],
        ...,
        [ True,  True,  True,  ...,  True, False, False],
        [ True,  True,  True,  ...,  True,  True, False],
        [ True,  True,  True,  ...,  True,  True,  True]])
Offset of v [0, 864]
start_m : 13, off_h : 1
off_h : 1, n_ctx : 1024, hidden_dim : 128
offset_y : 131072
qo_offset_y : 131904
offs_m : tensor([832, 833, 834, 835, 836, 837, 838, 839, 840, 841, 842, 843, 844, 845,
        846, 847, 848, 849, 850, 851, 852, 853, 854, 855, 856, 857, 858, 859,
        860, 861, 862, 863, 864, 865, 866, 867, 868, 869, 870, 871, 872, 873,
        874, 875, 876, 877, 878, 879, 880, 881, 882, 883, 884, 885, 886, 887,
        888, 889, 890, 891, 892, 893, 894, 895])
offs_n : tensor([ 0,  1,  2,  3,  4,  5,  6,  7,  8,  9, 10, 11, 12, 13, 14, 15, 16, 17,
        18, 19, 20, 21, 22, 23, 24, 25, 26, 27, 28, 29, 30, 31])
q load : [131904, 0]
Stage : 1
start_n : 0 : offset of k [131072,0]
no mask used
Offset of v [0, 131072]
start_n : 32 : offset of k [131104,0]
no mask used
Offset of v [0, 131104]
start_n : 64 : offset of k [131136,0]
no mask used
Offset of v [0, 131136]
start_n : 96 : offset of k [131168,0]
no mask used
Offset of v [0, 131168]
start_n : 128 : offset of k [131200,0]
no mask used
Offset of v [0, 131200]
start_n : 160 : offset of k [131232,0]
no mask used
Offset of v [0, 131232]
start_n : 192 : offset of k [131264,0]
no mask used
Offset of v [0, 131264]
start_n : 224 : offset of k [131296,0]
no mask used
Offset of v [0, 131296]
start_n : 256 : offset of k [131328,0]
no mask used
Offset of v [0, 131328]
start_n : 288 : offset of k [131360,0]
no mask used
Offset of v [0, 131360]
start_n : 320 : offset of k [131392,0]
no mask used
Offset of v [0, 131392]
start_n : 352 : offset of k [131424,0]
no mask used
Offset of v [0, 131424]
start_n : 384 : offset of k [131456,0]
no mask used
Offset of v [0, 131456]
start_n : 416 : offset of k [131488,0]
no mask used
Offset of v [0, 131488]
start_n : 448 : offset of k [131520,0]
no mask used
Offset of v [0, 131520]
start_n : 480 : offset of k [131552,0]
no mask used
Offset of v [0, 131552]
start_n : 512 : offset of k [131584,0]
no mask used
Offset of v [0, 131584]
start_n : 544 : offset of k [131616,0]
no mask used
Offset of v [0, 131616]
start_n : 576 : offset of k [131648,0]
no mask used
Offset of v [0, 131648]
start_n : 608 : offset of k [131680,0]
no mask used
Offset of v [0, 131680]
start_n : 640 : offset of k [131712,0]
no mask used
Offset of v [0, 131712]
start_n : 672 : offset of k [131744,0]
no mask used
Offset of v [0, 131744]
start_n : 704 : offset of k [131776,0]
no mask used
Offset of v [0, 131776]
start_n : 736 : offset of k [131808,0]
no mask used
Offset of v [0, 131808]
start_n : 768 : offset of k [131840,0]
no mask used
Offset of v [0, 131840]
start_n : 800 : offset of k [131872,0]
no mask used
Offset of v [0, 131872]
Stage : 2
start_n : 832 : offset of k [131904,0]
mask is used tensor([[ True, False, False,  ..., False, False, False],
        [ True,  True, False,  ..., False, False, False],
        [ True,  True,  True,  ..., False, False, False],
        ...,
        [ True,  True,  True,  ...,  True,  True,  True],
        [ True,  True,  True,  ...,  True,  True,  True],
        [ True,  True,  True,  ...,  True,  True,  True]])
Offset of v [0, 131904]
start_n : 864 : offset of k [131936,0]
mask is used tensor([[False, False, False,  ..., False, False, False],
        [False, False, False,  ..., False, False, False],
        [False, False, False,  ..., False, False, False],
        ...,
        [ True,  True,  True,  ...,  True, False, False],
        [ True,  True,  True,  ...,  True,  True, False],
        [ True,  True,  True,  ...,  True,  True,  True]])
Offset of v [0, 131936]
start_m : 14, off_h : 0
off_h : 0, n_ctx : 1024, hidden_dim : 128
offset_y : 0
qo_offset_y : 896
offs_m : tensor([896, 897, 898, 899, 900, 901, 902, 903, 904, 905, 906, 907, 908, 909,
        910, 911, 912, 913, 914, 915, 916, 917, 918, 919, 920, 921, 922, 923,
        924, 925, 926, 927, 928, 929, 930, 931, 932, 933, 934, 935, 936, 937,
        938, 939, 940, 941, 942, 943, 944, 945, 946, 947, 948, 949, 950, 951,
        952, 953, 954, 955, 956, 957, 958, 959])
offs_n : tensor([ 0,  1,  2,  3,  4,  5,  6,  7,  8,  9, 10, 11, 12, 13, 14, 15, 16, 17,
        18, 19, 20, 21, 22, 23, 24, 25, 26, 27, 28, 29, 30, 31])
q load : [896, 0]
Stage : 1
start_n : 0 : offset of k [0,0]
no mask used
Offset of v [0, 0]
start_n : 32 : offset of k [32,0]
no mask used
Offset of v [0, 32]
start_n : 64 : offset of k [64,0]
no mask used
Offset of v [0, 64]
start_n : 96 : offset of k [96,0]
no mask used
Offset of v [0, 96]
start_n : 128 : offset of k [128,0]
no mask used
Offset of v [0, 128]
start_n : 160 : offset of k [160,0]
no mask used
Offset of v [0, 160]
start_n : 192 : offset of k [192,0]
no mask used
Offset of v [0, 192]
start_n : 224 : offset of k [224,0]
no mask used
Offset of v [0, 224]
start_n : 256 : offset of k [256,0]
no mask used
Offset of v [0, 256]
start_n : 288 : offset of k [288,0]
no mask used
Offset of v [0, 288]
start_n : 320 : offset of k [320,0]
no mask used
Offset of v [0, 320]
start_n : 352 : offset of k [352,0]
no mask used
Offset of v [0, 352]
start_n : 384 : offset of k [384,0]
no mask used
Offset of v [0, 384]
start_n : 416 : offset of k [416,0]
no mask used
Offset of v [0, 416]
start_n : 448 : offset of k [448,0]
no mask used
Offset of v [0, 448]
start_n : 480 : offset of k [480,0]
no mask used
Offset of v [0, 480]
start_n : 512 : offset of k [512,0]
no mask used
Offset of v [0, 512]
start_n : 544 : offset of k [544,0]
no mask used
Offset of v [0, 544]
start_n : 576 : offset of k [576,0]
no mask used
Offset of v [0, 576]
start_n : 608 : offset of k [608,0]
no mask used
Offset of v [0, 608]
start_n : 640 : offset of k [640,0]
no mask used
Offset of v [0, 640]
start_n : 672 : offset of k [672,0]
no mask used
Offset of v [0, 672]
start_n : 704 : offset of k [704,0]
no mask used
Offset of v [0, 704]
start_n : 736 : offset of k [736,0]
no mask used
Offset of v [0, 736]
start_n : 768 : offset of k [768,0]
no mask used
Offset of v [0, 768]
start_n : 800 : offset of k [800,0]
no mask used
Offset of v [0, 800]
start_n : 832 : offset of k [832,0]
no mask used
Offset of v [0, 832]
start_n : 864 : offset of k [864,0]
no mask used
Offset of v [0, 864]
Stage : 2
start_n : 896 : offset of k [896,0]
mask is used tensor([[ True, False, False,  ..., False, False, False],
        [ True,  True, False,  ..., False, False, False],
        [ True,  True,  True,  ..., False, False, False],
        ...,
        [ True,  True,  True,  ...,  True,  True,  True],
        [ True,  True,  True,  ...,  True,  True,  True],
        [ True,  True,  True,  ...,  True,  True,  True]])
Offset of v [0, 896]
start_n : 928 : offset of k [928,0]
mask is used tensor([[False, False, False,  ..., False, False, False],
        [False, False, False,  ..., False, False, False],
        [False, False, False,  ..., False, False, False],
        ...,
        [ True,  True,  True,  ...,  True, False, False],
        [ True,  True,  True,  ...,  True,  True, False],
        [ True,  True,  True,  ...,  True,  True,  True]])
Offset of v [0, 928]
start_m : 14, off_h : 1
off_h : 1, n_ctx : 1024, hidden_dim : 128
offset_y : 131072
qo_offset_y : 131968
offs_m : tensor([896, 897, 898, 899, 900, 901, 902, 903, 904, 905, 906, 907, 908, 909,
        910, 911, 912, 913, 914, 915, 916, 917, 918, 919, 920, 921, 922, 923,
        924, 925, 926, 927, 928, 929, 930, 931, 932, 933, 934, 935, 936, 937,
        938, 939, 940, 941, 942, 943, 944, 945, 946, 947, 948, 949, 950, 951,
        952, 953, 954, 955, 956, 957, 958, 959])
offs_n : tensor([ 0,  1,  2,  3,  4,  5,  6,  7,  8,  9, 10, 11, 12, 13, 14, 15, 16, 17,
        18, 19, 20, 21, 22, 23, 24, 25, 26, 27, 28, 29, 30, 31])
q load : [131968, 0]
Stage : 1
start_n : 0 : offset of k [131072,0]
no mask used
Offset of v [0, 131072]
start_n : 32 : offset of k [131104,0]
no mask used
Offset of v [0, 131104]
start_n : 64 : offset of k [131136,0]
no mask used
Offset of v [0, 131136]
start_n : 96 : offset of k [131168,0]
no mask used
Offset of v [0, 131168]
start_n : 128 : offset of k [131200,0]
no mask used
Offset of v [0, 131200]
start_n : 160 : offset of k [131232,0]
no mask used
Offset of v [0, 131232]
start_n : 192 : offset of k [131264,0]
no mask used
Offset of v [0, 131264]
start_n : 224 : offset of k [131296,0]
no mask used
Offset of v [0, 131296]
start_n : 256 : offset of k [131328,0]
no mask used
Offset of v [0, 131328]
start_n : 288 : offset of k [131360,0]
no mask used
Offset of v [0, 131360]
start_n : 320 : offset of k [131392,0]
no mask used
Offset of v [0, 131392]
start_n : 352 : offset of k [131424,0]
no mask used
Offset of v [0, 131424]
start_n : 384 : offset of k [131456,0]
no mask used
Offset of v [0, 131456]
start_n : 416 : offset of k [131488,0]
no mask used
Offset of v [0, 131488]
start_n : 448 : offset of k [131520,0]
no mask used
Offset of v [0, 131520]
start_n : 480 : offset of k [131552,0]
no mask used
Offset of v [0, 131552]
start_n : 512 : offset of k [131584,0]
no mask used
Offset of v [0, 131584]
start_n : 544 : offset of k [131616,0]
no mask used
Offset of v [0, 131616]
start_n : 576 : offset of k [131648,0]
no mask used
Offset of v [0, 131648]
start_n : 608 : offset of k [131680,0]
no mask used
Offset of v [0, 131680]
start_n : 640 : offset of k [131712,0]
no mask used
Offset of v [0, 131712]
start_n : 672 : offset of k [131744,0]
no mask used
Offset of v [0, 131744]
start_n : 704 : offset of k [131776,0]
no mask used
Offset of v [0, 131776]
start_n : 736 : offset of k [131808,0]
no mask used
Offset of v [0, 131808]
start_n : 768 : offset of k [131840,0]
no mask used
Offset of v [0, 131840]
start_n : 800 : offset of k [131872,0]
no mask used
Offset of v [0, 131872]
start_n : 832 : offset of k [131904,0]
no mask used
Offset of v [0, 131904]
start_n : 864 : offset of k [131936,0]
no mask used
Offset of v [0, 131936]
Stage : 2
start_n : 896 : offset of k [131968,0]
mask is used tensor([[ True, False, False,  ..., False, False, False],
        [ True,  True, False,  ..., False, False, False],
        [ True,  True,  True,  ..., False, False, False],
        ...,
        [ True,  True,  True,  ...,  True,  True,  True],
        [ True,  True,  True,  ...,  True,  True,  True],
        [ True,  True,  True,  ...,  True,  True,  True]])
Offset of v [0, 131968]
start_n : 928 : offset of k [132000,0]
mask is used tensor([[False, False, False,  ..., False, False, False],
        [False, False, False,  ..., False, False, False],
        [False, False, False,  ..., False, False, False],
        ...,
        [ True,  True,  True,  ...,  True, False, False],
        [ True,  True,  True,  ...,  True,  True, False],
        [ True,  True,  True,  ...,  True,  True,  True]])
Offset of v [0, 132000]
start_m : 15, off_h : 0
off_h : 0, n_ctx : 1024, hidden_dim : 128
offset_y : 0
qo_offset_y : 960
offs_m : tensor([ 960,  961,  962,  963,  964,  965,  966,  967,  968,  969,  970,  971,
         972,  973,  974,  975,  976,  977,  978,  979,  980,  981,  982,  983,
         984,  985,  986,  987,  988,  989,  990,  991,  992,  993,  994,  995,
         996,  997,  998,  999, 1000, 1001, 1002, 1003, 1004, 1005, 1006, 1007,
        1008, 1009, 1010, 1011, 1012, 1013, 1014, 1015, 1016, 1017, 1018, 1019,
        1020, 1021, 1022, 1023])
offs_n : tensor([ 0,  1,  2,  3,  4,  5,  6,  7,  8,  9, 10, 11, 12, 13, 14, 15, 16, 17,
        18, 19, 20, 21, 22, 23, 24, 25, 26, 27, 28, 29, 30, 31])
q load : [960, 0]
Stage : 1
start_n : 0 : offset of k [0,0]
no mask used
Offset of v [0, 0]
start_n : 32 : offset of k [32,0]
no mask used
Offset of v [0, 32]
start_n : 64 : offset of k [64,0]
no mask used
Offset of v [0, 64]
start_n : 96 : offset of k [96,0]
no mask used
Offset of v [0, 96]
start_n : 128 : offset of k [128,0]
no mask used
Offset of v [0, 128]
start_n : 160 : offset of k [160,0]
no mask used
Offset of v [0, 160]
start_n : 192 : offset of k [192,0]
no mask used
Offset of v [0, 192]
start_n : 224 : offset of k [224,0]
no mask used
Offset of v [0, 224]
start_n : 256 : offset of k [256,0]
no mask used
Offset of v [0, 256]
start_n : 288 : offset of k [288,0]
no mask used
Offset of v [0, 288]
start_n : 320 : offset of k [320,0]
no mask used
Offset of v [0, 320]
start_n : 352 : offset of k [352,0]
no mask used
Offset of v [0, 352]
start_n : 384 : offset of k [384,0]
no mask used
Offset of v [0, 384]
start_n : 416 : offset of k [416,0]
no mask used
Offset of v [0, 416]
start_n : 448 : offset of k [448,0]
no mask used
Offset of v [0, 448]
start_n : 480 : offset of k [480,0]
no mask used
Offset of v [0, 480]
start_n : 512 : offset of k [512,0]
no mask used
Offset of v [0, 512]
start_n : 544 : offset of k [544,0]
no mask used
Offset of v [0, 544]
start_n : 576 : offset of k [576,0]
no mask used
Offset of v [0, 576]
start_n : 608 : offset of k [608,0]
no mask used
Offset of v [0, 608]
start_n : 640 : offset of k [640,0]
no mask used
Offset of v [0, 640]
start_n : 672 : offset of k [672,0]
no mask used
Offset of v [0, 672]
start_n : 704 : offset of k [704,0]
no mask used
Offset of v [0, 704]
start_n : 736 : offset of k [736,0]
no mask used
Offset of v [0, 736]
start_n : 768 : offset of k [768,0]
no mask used
Offset of v [0, 768]
start_n : 800 : offset of k [800,0]
no mask used
Offset of v [0, 800]
start_n : 832 : offset of k [832,0]
no mask used
Offset of v [0, 832]
start_n : 864 : offset of k [864,0]
no mask used
Offset of v [0, 864]
start_n : 896 : offset of k [896,0]
no mask used
Offset of v [0, 896]
start_n : 928 : offset of k [928,0]
no mask used
Offset of v [0, 928]
Stage : 2
start_n : 960 : offset of k [960,0]
mask is used tensor([[ True, False, False,  ..., False, False, False],
        [ True,  True, False,  ..., False, False, False],
        [ True,  True,  True,  ..., False, False, False],
        ...,
        [ True,  True,  True,  ...,  True,  True,  True],
        [ True,  True,  True,  ...,  True,  True,  True],
        [ True,  True,  True,  ...,  True,  True,  True]])
Offset of v [0, 960]
start_n : 992 : offset of k [992,0]
mask is used tensor([[False, False, False,  ..., False, False, False],
        [False, False, False,  ..., False, False, False],
        [False, False, False,  ..., False, False, False],
        ...,
        [ True,  True,  True,  ...,  True, False, False],
        [ True,  True,  True,  ...,  True,  True, False],
        [ True,  True,  True,  ...,  True,  True,  True]])
Offset of v [0, 992]
start_m : 15, off_h : 1
off_h : 1, n_ctx : 1024, hidden_dim : 128
offset_y : 131072
qo_offset_y : 132032
offs_m : tensor([ 960,  961,  962,  963,  964,  965,  966,  967,  968,  969,  970,  971,
         972,  973,  974,  975,  976,  977,  978,  979,  980,  981,  982,  983,
         984,  985,  986,  987,  988,  989,  990,  991,  992,  993,  994,  995,
         996,  997,  998,  999, 1000, 1001, 1002, 1003, 1004, 1005, 1006, 1007,
        1008, 1009, 1010, 1011, 1012, 1013, 1014, 1015, 1016, 1017, 1018, 1019,
        1020, 1021, 1022, 1023])
offs_n : tensor([ 0,  1,  2,  3,  4,  5,  6,  7,  8,  9, 10, 11, 12, 13, 14, 15, 16, 17,
        18, 19, 20, 21, 22, 23, 24, 25, 26, 27, 28, 29, 30, 31])
q load : [132032, 0]
Stage : 1
start_n : 0 : offset of k [131072,0]
no mask used
Offset of v [0, 131072]
start_n : 32 : offset of k [131104,0]
no mask used
Offset of v [0, 131104]
start_n : 64 : offset of k [131136,0]
no mask used
Offset of v [0, 131136]
start_n : 96 : offset of k [131168,0]
no mask used
Offset of v [0, 131168]
start_n : 128 : offset of k [131200,0]
no mask used
Offset of v [0, 131200]
start_n : 160 : offset of k [131232,0]
no mask used
Offset of v [0, 131232]
start_n : 192 : offset of k [131264,0]
no mask used
Offset of v [0, 131264]
start_n : 224 : offset of k [131296,0]
no mask used
Offset of v [0, 131296]
start_n : 256 : offset of k [131328,0]
no mask used
Offset of v [0, 131328]
start_n : 288 : offset of k [131360,0]
no mask used
Offset of v [0, 131360]
start_n : 320 : offset of k [131392,0]
no mask used
Offset of v [0, 131392]
start_n : 352 : offset of k [131424,0]
no mask used
Offset of v [0, 131424]
start_n : 384 : offset of k [131456,0]
no mask used
Offset of v [0, 131456]
start_n : 416 : offset of k [131488,0]
no mask used
Offset of v [0, 131488]
start_n : 448 : offset of k [131520,0]
no mask used
Offset of v [0, 131520]
start_n : 480 : offset of k [131552,0]
no mask used
Offset of v [0, 131552]
start_n : 512 : offset of k [131584,0]
no mask used
Offset of v [0, 131584]
start_n : 544 : offset of k [131616,0]
no mask used
Offset of v [0, 131616]
start_n : 576 : offset of k [131648,0]
no mask used
Offset of v [0, 131648]
start_n : 608 : offset of k [131680,0]
no mask used
Offset of v [0, 131680]
start_n : 640 : offset of k [131712,0]
no mask used
Offset of v [0, 131712]
start_n : 672 : offset of k [131744,0]
no mask used
Offset of v [0, 131744]
start_n : 704 : offset of k [131776,0]
no mask used
Offset of v [0, 131776]
start_n : 736 : offset of k [131808,0]
no mask used
Offset of v [0, 131808]
start_n : 768 : offset of k [131840,0]
no mask used
Offset of v [0, 131840]
start_n : 800 : offset of k [131872,0]
no mask used
Offset of v [0, 131872]
start_n : 832 : offset of k [131904,0]
no mask used
Offset of v [0, 131904]
start_n : 864 : offset of k [131936,0]
no mask used
Offset of v [0, 131936]
start_n : 896 : offset of k [131968,0]
no mask used
Offset of v [0, 131968]
start_n : 928 : offset of k [132000,0]
no mask used
Offset of v [0, 132000]
Stage : 2
start_n : 960 : offset of k [132032,0]
mask is used tensor([[ True, False, False,  ..., False, False, False],
        [ True,  True, False,  ..., False, False, False],
        [ True,  True,  True,  ..., False, False, False],
        ...,
        [ True,  True,  True,  ...,  True,  True,  True],
        [ True,  True,  True,  ...,  True,  True,  True],
        [ True,  True,  True,  ...,  True,  True,  True]])
Offset of v [0, 132032]
start_n : 992 : offset of k [132064,0]
mask is used tensor([[False, False, False,  ..., False, False, False],
        [False, False, False,  ..., False, False, False],
        [False, False, False,  ..., False, False, False],
        ...,
        [ True,  True,  True,  ...,  True, False, False],
        [ True,  True,  True,  ...,  True,  True, False],
        [ True,  True,  True,  ...,  True,  True,  True]])
Offset of v [0, 132064]
torch.Size([2, 1024, 128])
